   Compiling proc-macro2 v1.0.103
   Compiling unicode-ident v1.0.22
   Compiling quote v1.0.42
   Compiling libc v0.2.178
   Compiling cfg-if v1.0.4
   Compiling bytes v1.11.0
   Compiling once_cell v1.21.3
   Compiling pin-project-lite v0.2.16
   Compiling smallvec v1.15.1
   Compiling autocfg v1.5.0
   Compiling libm v0.2.15
   Compiling syn v2.0.111
   Compiling num-traits v0.2.19
   Compiling futures-core v0.3.31
   Compiling serde v1.0.228
   Compiling itoa v1.0.15
   Compiling mio v1.1.1
   Compiling socket2 v0.6.1
   Compiling memchr v2.7.6
   Compiling serde_core v1.0.228
   Compiling stable_deref_trait v1.2.1
   Compiling pin-utils v0.1.0
   Compiling http v1.4.0
   Compiling num-integer v0.1.46
   Compiling zerocopy v0.8.31
   Compiling http-body v1.0.1
   Compiling tower-service v0.3.3
   Compiling jobserver v0.1.34
   Compiling shlex v1.3.0
   Compiling find-msvc-tools v0.1.5
   Compiling hashbrown v0.16.1
   Compiling cc v1.2.50
   Compiling synstructure v0.13.2
   Compiling num-bigint v0.4.6
   Compiling percent-encoding v2.3.2
   Compiling httparse v1.10.1
   Compiling ring v0.17.14
   Compiling num-iter v0.1.45
   Compiling serde_derive v1.0.228
   Compiling zerofrom-derive v0.1.6
   Compiling yoke-derive v0.8.1
   Compiling zerovec-derive v0.11.2
   Compiling zerofrom v0.1.6
   Compiling yoke v0.8.1
   Compiling displaydoc v0.2.5
   Compiling zerocopy-derive v0.8.31
   Compiling zerovec v0.11.5
   Compiling num-rational v0.4.2
   Compiling tinystr v0.8.2
   Compiling num-complex v0.4.6
   Compiling writeable v0.6.2
   Compiling litemap v0.8.1
   Compiling parking_lot_core v0.9.12
   Compiling bitflags v2.10.0
   Compiling futures-sink v0.3.31
   Compiling getrandom v0.3.4
   Compiling version_check v0.9.5
   Compiling tower-layer v0.3.3
   Compiling ryu v1.0.20
   Compiling ahash v0.8.12
   Compiling icu_locale_core v2.1.1
   Compiling num v0.4.3
   Compiling potential_utf v0.1.4
   Compiling zerotrie v0.2.3
   Compiling tokio v1.48.0
   Compiling half v2.7.1
   Compiling scopeguard v1.2.0
   Compiling icu_properties_data v2.1.2
   Compiling zeroize v1.8.2
   Compiling icu_normalizer_data v2.1.1
   Compiling atomic-waker v1.1.2
   Compiling rustls-pki-types v1.13.2
   Compiling arrow-buffer v56.2.0
   Compiling lock_api v0.4.14
   Compiling icu_provider v2.1.1
   Compiling icu_collections v2.1.1
   Compiling arrow-schema v56.2.0
   Compiling getrandom v0.2.16
   Compiling futures-task v0.3.31
   Compiling slab v0.4.11
   Compiling iana-time-zone v0.1.64
   Compiling untrusted v0.9.0
   Compiling futures-io v0.3.31
   Compiling futures-util v0.3.31
   Compiling arrow-data v56.2.0
   Compiling chrono v0.4.42
   Compiling parking_lot v0.12.5
   Compiling form_urlencoded v1.2.2
   Compiling log v0.4.29
   Compiling rustls v0.23.35
   Compiling try-lock v0.2.5
   Compiling base64 v0.22.1
   Compiling crc32fast v1.5.0
   Compiling rustversion v1.0.22
   Compiling want v0.3.1
   Compiling icu_normalizer v2.1.1
   Compiling icu_properties v2.1.2
   Compiling arrow-array v56.2.0
   Compiling rustls-webpki v0.103.8
   Compiling futures-channel v0.3.31
   Compiling http-body-util v0.1.3
   Compiling tracing-core v0.1.36
   Compiling simd-adler32 v0.3.8
   Compiling lexical-util v1.0.7
   Compiling subtle v2.6.1
   Compiling rustix v1.1.2
   Compiling tracing v0.1.44
   Compiling hyper v1.8.1
   Compiling idna_adapter v1.2.1
   Compiling tokio-macros v2.6.0
   Compiling signal-hook-registry v1.4.7
   Compiling sync_wrapper v1.0.2
   Compiling utf8_iter v1.0.4
   Compiling linux-raw-sys v0.11.0
   Compiling zlib-rs v0.5.4
   Compiling heck v0.5.0
   Compiling ipnet v2.11.0
   Compiling adler2 v2.0.1
   Compiling miniz_oxide v0.8.9
   Compiling tokio-rustls v0.26.4
   Compiling hyper-util v0.1.19
   Compiling libz-rs-sys v0.5.4
   Compiling idna v1.1.0
   Compiling tower v0.5.2
   Compiling webpki-roots v1.0.4
   Compiling tracing-attributes v0.1.31
   Compiling equivalent v1.0.2
   Compiling serde_json v1.0.145
   Compiling bumpalo v3.19.1
   Compiling iri-string v0.7.9
   Compiling zopfli v0.8.3
   Compiling indexmap v2.12.1
   Compiling hyper-rustls v0.27.7
   Compiling url v2.5.7
   Compiling xattr v1.6.1
   Compiling tower-http v0.6.8
   Compiling flate2 v1.1.5
   Compiling serde_urlencoded v0.7.1
   Compiling arrow-select v56.2.0
   Compiling lexical-parse-integer v1.0.6
   Compiling lexical-write-integer v1.0.6
   Compiling aho-corasick v1.1.4
   Compiling filetime v0.2.26
   Compiling regex-syntax v0.8.8
   Compiling regex-automata v0.4.13
   Compiling tar v0.4.44
   Compiling lexical-write-float v1.0.6
   Compiling lexical-parse-float v1.0.6
   Compiling reqwest v0.12.26
   Compiling zip v6.0.0
   Compiling strum_macros v0.26.4
   Compiling unicase v2.8.1
   Compiling unicode-width v0.2.2
   Compiling strum v0.26.3
   Compiling httpdate v1.0.3
   Compiling vcpkg v0.2.15
   Compiling pkg-config v0.3.32
   Compiling mime v0.3.17
   Compiling mime_guess v2.0.5
   Compiling libduckdb-sys v1.4.3
   Compiling regex v1.12.2
   Compiling lexical-core v1.0.6
   Compiling atoi v2.0.0
   Compiling foldhash v0.1.5
   Compiling rust_decimal v1.39.0
   Compiling comfy-table v7.1.2
   Compiling hashbrown v0.15.5
   Compiling arrow-cast v56.2.0
   Compiling arrow-string v56.2.0
   Compiling arrow-ord v56.2.0
   Compiling strum_macros v0.27.2
   Compiling arrow-row v56.2.0
   Compiling arrow-arith v56.2.0
   Compiling async-trait v0.1.89
   Compiling anyhow v1.0.100
   Compiling lazy_static v1.5.0
   Compiling arrayvec v0.7.6
   Compiling axum-core v0.4.5
   Compiling tokio-util v0.7.17
   Compiling sharded-slab v0.1.7
   Compiling arrow v56.2.0
   Compiling strum v0.27.2
   Compiling hashlink v0.10.0
   Compiling tracing-log v0.2.0
   Compiling scheduled-thread-pool v0.2.7
   Compiling axum-macros v0.4.2
   Compiling serde_path_to_error v0.1.20
   Compiling thread_local v1.1.9
   Compiling matchit v0.7.3
   Compiling fallible-iterator v0.3.0
   Compiling fallible-streaming-iterator v0.1.9
   Compiling cast v0.3.0
   Compiling nu-ansi-term v0.50.3
   Compiling http-range-header v0.4.2
   Compiling tracing-subscriber v0.3.22
   Compiling axum v0.7.9
   Compiling r2d2 v0.8.10
   Compiling tower v0.4.13
