   Compiling libduckdb-sys v1.4.3
    Checking duckdb v1.4.3
    Checking traffic_light_system v0.1.0 (/app)
warning: unused import: `MetricData`
 --> src/db.rs:1:36
  |
1 | use crate::models::{IngestPayload, MetricData};
  |                                    ^^^^^^^^^^
  |
  = note: `#[warn(unused_imports)]` (part of `#[warn(unused)]`) on by default

warning: unused import: `Mutex`
 --> src/db.rs:6:22
  |
6 | use std::sync::{Arc, Mutex};
  |                      ^^^^^

warning: unused import: `std::sync::Arc`
 --> src/handlers.rs:7:5
  |
7 | use std::sync::Arc;
  |     ^^^^^^^^^^^^^^

error[E0277]: the trait bound `Vec<std::string::String>: ToSql` is not satisfied
   --> src/db.rs:95:13
    |
 95 | /             params![
 96 | |                 payload.class,
 97 | |                 payload.tl,
 98 | |                 final_colour,
...   |
102 | |                 tags
103 | |             ],
    | |_____________^ the trait `ToSql` is not implemented for `Vec<std::string::String>`
    |
    = help: the trait `ToSql` is implemented for `Vec<u8>`
    = note: required for the cast from `&Vec<std::string::String>` to `&dyn ToSql`
    = note: this error originates in the macro `params` (in Nightly builds, run with -Z macro-backtrace for more info)

error[E0277]: the trait bound `Vec<std::string::String>: FromSql` is not satisfied
   --> src/db.rs:153:46
    |
153 |              let tags_vec: Vec<String> = row.get(6)?;
    |                                              ^^^ the trait `FromSql` is not implemented for `Vec<std::string::String>`
    |
    = help: the trait `FromSql` is implemented for `Vec<u8>`
note: required by a bound in `duckdb::Row::<'stmt>::get`
   --> /home/jules/.cargo/registry/src/index.crates.io-1949cf8c6b5b557f/duckdb-1.4.3/src/row.rs:331:32
    |
331 |     pub fn get<I: RowIndex, T: FromSql>(&self, idx: I) -> Result<T> {
    |                                ^^^^^^^ required by this bound in `Row::<'stmt>::get`

error[E0277]: the trait bound `Vec<std::string::String>: FromSql` is not satisfied
   --> src/db.rs:182:46
    |
182 |              let tags_vec: Vec<String> = row.get(6)?;
    |                                              ^^^ the trait `FromSql` is not implemented for `Vec<std::string::String>`
    |
    = help: the trait `FromSql` is implemented for `Vec<u8>`
note: required by a bound in `duckdb::Row::<'stmt>::get`
   --> /home/jules/.cargo/registry/src/index.crates.io-1949cf8c6b5b557f/duckdb-1.4.3/src/row.rs:331:32
    |
331 |     pub fn get<I: RowIndex, T: FromSql>(&self, idx: I) -> Result<T> {
    |                                ^^^^^^^ required by this bound in `Row::<'stmt>::get`

For more information about this error, try `rustc --explain E0277`.
warning: `traffic_light_system` (bin "traffic_light_system") generated 3 warnings
error: could not compile `traffic_light_system` (bin "traffic_light_system") due to 3 previous errors; 3 warnings emitted
